<html>
<body>
<pre>
<h1>µVision Build Log</h1>
<h2>Tool Versions:</h2>
IDE-Version: ¦ÌVision V5.34.0.0
Copyright (C) 2021 ARM Ltd and ARM Germany GmbH. All rights reserved.
License Information: 140 Tomas, sh, LIC=GMZI6-D0IM1-JJR6S-LELPJ-ZGP9D-7L7KA
 
Tool Versions:
Toolchain:       MDK-ARM Plus  Version: 5.34.0.0
Toolchain Path:  C:\Keil_v5\ARM\ARMCC\Bin
C Compiler:      Armcc.exe V5.06 update 7 (build 960)
Assembler:       Armasm.exe V5.06 update 7 (build 960)
Linker/Locator:  ArmLink.exe V5.06 update 7 (build 960)
Library Manager: ArmAr.exe V5.06 update 7 (build 960)
Hex Converter:   FromElf.exe V5.06 update 7 (build 960)
CPU DLL:         SARMCM3.DLL V5.34.0.0
Dialog DLL:      DARMCM1.DLL V1.19.4.0
Target DLL:      Segger\JL2CM3.dll V2.99.38.0
Dialog DLL:      TARMCM1.DLL V1.14.3.0
 
<h2>Project:</h2>
C:\Users\Tomas\Downloads\Compressed\Arduino-For-Keil-main\TP_Test_Code_STM32F0\MDK-ARM\proj.uvprojx
Project File Date:  08/07/2023

<h2>Output:</h2>
*** Using Compiler 'V5.06 update 7 (build 960)', folder: 'C:\Keil_v5\ARM\ARMCC\Bin'
Build target 'Project'
compiling i2c_slave.c...
..\Libraries\i2c_slave.c(212): warning:  #177-D: variable "temp"  was declared but never referenced
      uint8_t  temp;
..\Libraries\i2c_slave.c(507): warning:  #1-D: last line of file ends without a newline
  //}
..\Libraries\i2c_slave.c(203): warning:  #550-D: variable "Instruct"  was set but never used
  static uint8_t  Instruct = 0;
..\Libraries\i2c_slave.c(204): warning:  #550-D: variable "Offset"  was set but never used
  static uint8_t  Offset   = 0;
..\Libraries\i2c_slave.c(205): warning:  #177-D: variable "MaxBytes"  was declared but never referenced
  static uint8_t  MaxBytes = 0;
..\Libraries\i2c_slave.c: 5 warnings, 0 errors
linking...
Program Size: Code=8644 RO-data=2212 RW-data=32 ZI-data=2776  
".\Objects\proj.axf" - 0 Error(s), 5 Warning(s).

<h2>Software Packages used:</h2>

Package Vendor: ARM
                http://www.keil.com/pack/ARM.CMSIS.5.7.0.pack
                ARM.CMSIS.5.7.0
                CMSIS (Cortex Microcontroller Software Interface Standard)
   * Component: CORE Version: 5.4.0

Package Vendor: Keil
                http://www.keil.com/pack/Keil.STM32F0xx_DFP.1.0.1.pack
                Keil.STM32F0xx_DFP.1.0.1
                STMicroelectronics STM32F0 Series Device Support and Examples

<h2>Collection of Component include folders:</h2>
  .\RTE\_Project
  C:\Users\Tomas\AppData\Local\Arm\Packs\ARM\CMSIS\5.7.0\CMSIS\Core\Include
  C:\Users\Tomas\AppData\Local\Arm\Packs\Keil\STM32F0xx_DFP\1.0.1\Device\Include

<h2>Collection of Component Files used:</h2>

   * Component: ARM::CMSIS:CORE:5.4.0
Build Time Elapsed:  00:00:01
</pre>
</body>
</html>
